
2026-08-14 17:22:36 316 pick: ctrl(gamma=1) then 313a(gamma=0.9); seeds 1337 8642 2890 4711; arrive vs pick
2026-08-14 17:22:36 ==== 316ctrl_s1337 gamma=1.0 ====
2026-08-14 17:28:36 OK 316ctrl_s1337
2026-08-14 17:28:36 ==== 316ctrl_s8642 gamma=1.0 ====
2026-08-14 17:34:55 OK 316ctrl_s8642
2026-08-14 17:34:55 ==== 316ctrl_s2890 gamma=1.0 ====
2026-08-14 17:40:54 OK 316ctrl_s2890
2026-08-14 17:40:54 ==== 316ctrl_s4711 gamma=1.0 ====
2026-08-14 17:46:39 OK 316ctrl_s4711
2026-08-14 17:46:39 ==== 316_313a_s1337 gamma=0.9 ====
2026-08-14 17:52:40 OK 316_313a_s1337
2026-08-14 17:52:40 ==== 316_313a_s8642 gamma=0.9 ====
2026-08-14 17:58:44 OK 316_313a_s8642
2026-08-14 17:58:44 ==== 316_313a_s2890 gamma=0.9 ====
2026-08-14 18:04:30 OK 316_313a_s2890
2026-08-14 18:04:30 ==== 316_313a_s4711 gamma=0.9 ====
2026-08-14 18:10:29 OK 316_313a_s4711
2026-08-14 18:10:29 ==== _read299 ctrl ====
2026-08-14 18:10:29 ==== _read299 313a ====
2026-08-14 18:10:29 DONE
