
2026-08-14 19:22:01 318 share rival: ctrl gamma=1.0 then 313a gamma=0.9; seeds 1337 8642 2890 4711
2026-08-14 19:22:01 ==== 318ctrl_s1337 gamma=1.0 ====
2026-08-14 19:27:48 OK 318ctrl_s1337
2026-08-14 19:27:48 ==== 318ctrl_s8642 gamma=1.0 ====
2026-08-14 19:33:46 OK 318ctrl_s8642
2026-08-14 19:33:46 ==== 318ctrl_s2890 gamma=1.0 ====
2026-08-14 19:39:22 OK 318ctrl_s2890
2026-08-14 19:39:22 ==== 318ctrl_s4711 gamma=1.0 ====
2026-08-14 19:45:14 OK 318ctrl_s4711
2026-08-14 19:45:14 ==== 318_313a_s1337 gamma=0.9 ====
2026-08-14 19:51:26 OK 318_313a_s1337
2026-08-14 19:51:26 ==== 318_313a_s8642 gamma=0.9 ====
2026-08-14 19:57:27 OK 318_313a_s8642
2026-08-14 19:57:27 ==== 318_313a_s2890 gamma=0.9 ====
2026-08-14 20:03:03 OK 318_313a_s2890
2026-08-14 20:03:03 ==== 318_313a_s4711 gamma=0.9 ====
2026-08-14 20:08:39 OK 318_313a_s4711
2026-08-14 20:08:39 ==== _read299 ctrl ====
2026-08-14 20:08:39 ==== _read299 313a ====
2026-08-14 20:08:39 DONE
