
2026-08-15 01:07:21 NIGHT 326-329: 327 audit -> 322b depth+save+coherence -> 326 both -> 322t transplant -> 322flat -> 328null
2026-08-15 01:07:21 ==== 327 presence audit ====
2026-08-15 01:08:42 OK 327 -> results\_stage327_presence.json
2026-08-15 01:08:42 ==== BLOCK 1: 322b depth=2 + --save-mind + --coherence 400 x4 ====
2026-08-15 01:08:42 ==== 322b_s1337 ====
2026-08-15 01:17:15 OK 322b_s1337 -> minds/322_wiki_s1337.pt
2026-08-15 01:17:15 ==== 322b_s8642 ====
2026-08-15 01:19:13 FAIL 322b_s8642 exit -1

2026-08-15 01:20:45 NIGHT RESUME continue-on-fail: BOOKKEEPING exit 1 is intentional, keep going; always DONE
2026-08-15 01:20:45 SKIP 327
2026-08-15 01:20:45 ==== BLOCK 1: 322b depth+save+coherence ====
2026-08-15 01:20:45 SKIP 322b_s1337
2026-08-15 01:20:45 ==== 322b_s8642 ====
2026-08-15 01:28:48 OK 322b_s8642 -> minds/322_wiki_s8642.pt
2026-08-15 01:28:48 ==== 322b_s2890 ====
2026-08-15 01:36:33 OK 322b_s2890 -> minds/322_wiki_s2890.pt
2026-08-15 01:36:33 ==== 322b_s4711 ====
2026-08-15 01:44:18 OK 322b_s4711 -> minds/322_wiki_s4711.pt
2026-08-15 01:44:18 ==== _read299 block1 ====
2026-08-15 01:44:19 ==== BLOCK 2: 326 both ====
2026-08-15 01:44:19 ==== 326_s1337 ====
2026-08-15 01:49:56 OK 326_s1337
2026-08-15 01:49:56 ==== 326_s8642 ====
2026-08-15 01:55:41 OK 326_s8642
2026-08-15 01:55:41 ==== 326_s2890 ====
2026-08-15 02:01:20 OK 326_s2890
2026-08-15 02:01:20 ==== 326_s4711 ====
2026-08-15 02:06:59 OK 326_s4711
2026-08-15 02:06:59 ==== _read299 block2 ====
2026-08-15 02:06:59 ==== BLOCK 3: transplant ====
2026-08-15 02:06:59 ==== 322t_news_s1337 ====
2026-08-15 02:10:04 OK 322t_news_s1337
2026-08-15 02:10:04 ==== 322t_news_s8642 ====
2026-08-15 02:13:03 OK 322t_news_s8642
2026-08-15 02:13:03 ==== 322t_news_s2890 ====
2026-08-15 02:15:57 OK 322t_news_s2890
2026-08-15 02:15:57 ==== 322t_news_s4711 ====
2026-08-15 02:18:53 OK 322t_news_s4711
2026-08-15 02:18:53 ==== 322t_tiny_s1337 ====
2026-08-15 02:21:36 OK 322t_tiny_s1337
2026-08-15 02:21:36 ==== 322t_tiny_s8642 ====
2026-08-15 02:24:22 OK 322t_tiny_s8642
2026-08-15 02:24:22 ==== 322t_tiny_s2890 ====
2026-08-15 02:27:08 OK 322t_tiny_s2890
2026-08-15 02:27:08 ==== 322t_tiny_s4711 ====
2026-08-15 02:29:56 OK 322t_tiny_s4711
2026-08-15 02:29:57 ==== BLOCK 4: flat+depth ====
2026-08-15 02:29:57 ==== 322flat_s1337 ====
2026-08-15 02:37:09 OK 322flat_s1337
2026-08-15 02:37:09 ==== 322flat_s8642 ====
2026-08-15 02:44:29 OK 322flat_s8642
2026-08-15 02:44:29 ==== 322flat_s2890 ====
2026-08-15 02:51:41 OK 322flat_s2890
2026-08-15 02:51:41 ==== 322flat_s4711 ====
2026-08-15 02:59:02 OK 322flat_s4711
2026-08-15 02:59:03 ==== BLOCK 328: shuffle null ====
2026-08-15 02:59:03 ==== 328null_s1337 ====
2026-08-15 03:04:50 OK 328null_s1337
2026-08-15 03:04:50 ==== 328null_s8642 ====
2026-08-15 03:10:45 OK 328null_s8642
2026-08-15 03:10:45 ==== 328null_s2890 ====
2026-08-15 03:16:34 OK 328null_s2890
2026-08-15 03:16:34 ==== 328null_s4711 ====
2026-08-15 03:22:22 OK 328null_s4711
2026-08-15 03:22:22 DONE night 326-329 (continue-on-fail; 331 waiter may proceed)
