
2026-08-18 13:34:37 377 copy RECAST on 380 deep-root, vs 365conn also recast on 380. Tags 365r/377r keep the buggy-root JSON.
2026-08-18 13:34:37 GATE (declared, 377r vs 365r): reach >= 365r on 4/4; hit >= 365r on >=3/4. hit/reach is not a gate (377 already named that composition-dependent). Old 377copy +0.060 is diagnostic only, not the control.
2026-08-18 13:34:37 ==== 365r_s1337 ====
2026-08-18 13:38:21 OK 365r_s1337
2026-08-18 13:38:21 ==== 365r_s8642 ====
2026-08-18 13:41:50 OK 365r_s8642
2026-08-18 13:41:50 ==== 365r_s2890 ====
2026-08-18 13:45:21 OK 365r_s2890
2026-08-18 13:45:21 ==== 365r_s4711 ====
2026-08-18 13:49:04 OK 365r_s4711
2026-08-18 13:49:04 ==== 377r_s1337 ====
2026-08-18 13:52:44 OK 377r_s1337
2026-08-18 13:52:44 ==== 377r_s8642 ====
2026-08-18 13:56:20 OK 377r_s8642
2026-08-18 13:56:20 ==== 377r_s2890 ====
2026-08-18 14:00:05 OK 377r_s2890
2026-08-18 14:00:05 ==== 377r_s4711 ====
2026-08-18 14:03:48 OK 377r_s4711
2026-08-18 14:03:48 ==== _read299 365r ====
2026-08-18 14:03:48 ==== _read299 377r ====
2026-08-18 14:03:48 DONE 377 recast
