===== night 291/292 after 290 2026-08-12T01:54:11.2881946+03:00 =====
2026-08-12T01:54:11.3152010+03:00 smoke291b (600 addr)
2026-08-12T01:54:35.2544413+03:00 EXIT_smoke291b=0
2026-08-12T01:54:35.3354595+03:00 smoke291b unanswerable_rate=0.9310344827586207
2026-08-12T01:54:35.3474629+03:00 GO full 291_refuse: rate=0 < 0.75
===== night after 291 skip 2026-08-12T01:55:28.3107897+03:00 =====
2026-08-12T01:55:28.3407971+03:00 SKIP 291_refuse (unanswerable_rate 0.931). Morning: reward-280 objective.
2026-08-12T01:55:28.3517988+03:00 smoke292b --open
2026-08-12T01:55:38.7097905+03:00 EXIT_smoke292b=0
2026-08-12T01:55:38.8328193+03:00 smoke292b open_verb=True n=5 near=None  open.n=0
2026-08-12T01:55:38.8618255+03:00 SKIP full 292_open: open.n=0
2026-08-12T01:55:38.8628256+03:00 QUEUE_DONE
2026-08-12T01:57:21.8837295+03:00 GO full 292_open: train open.n=5 held open.n=missing open_verb=True near same_anchor=34 neighbourhood=0
2026-08-12T02:07:46.0880629+03:00 wait for 292_open python to finish
2026-08-12T02:07:46.3281159+03:00 waiting pid=16720
2026-08-12T02:14:41.2041453+03:00 night queue v43: wait 292 then audit1200, 290b_dense, audit2400 (no 291)
2026-08-12T02:14:41.3621803+03:00 waiting 292_open pid=16720
2026-08-12T02:15:46.2355902+03:00 292 done or absent
2026-08-12T02:15:46.2375925+03:00 audit1200
2026-08-12T02:15:46.3126077+03:00 QUEUE_DONE
2026-08-12T02:16:46.9605256+03:00 EXIT_audit1200=0
2026-08-12T02:16:46.9655272+03:00 290b_dense
2026-08-12T02:23:01.5589403+03:00 seed queue: wait night v43 (290b/audit2400), then 292_s4001 and 292_s7919 only
2026-08-12T02:26:28.6727240+03:00 EXIT_290b_dense=0
2026-08-12T02:26:28.6737250+03:00 audit2400
2026-08-12T02:28:23.2454405+03:00 EXIT_audit2400=0
2026-08-12T02:28:23.2464402+03:00 QUEUE_DONE night v43
2026-08-12T02:28:32.5713837+03:00 night queue clear; start seed replicas
2026-08-12T02:28:32.5763856+03:00 292_s4001 seed=4001
2026-08-12T02:51:00.3851772+03:00 EXIT_292_s4001=0
2026-08-12T02:51:00.3871773+03:00 292_s7919 seed=7919
2026-08-12T03:09:05.9728292+03:00 EXIT_292_s7919=0
2026-08-12T03:09:05.9738295+03:00 QUEUE_DONE seed replicas
