
2026-08-15 09:18:15 333root then 334tw then 334tw32 (read order: 333 vs 332, 334a vs ctrl, 334b arrive vs 331)
2026-08-15 09:18:15 ==== BLOCK 333: --reach-depth 2 --deep-root first x4 ====
2026-08-15 09:18:15 ==== 333root_s1337 ====
2026-08-15 09:26:15 OK 333root_s1337
2026-08-15 09:26:15 ==== 333root_s8642 ====
2026-08-15 09:34:15 OK 333root_s8642
2026-08-15 09:34:15 ==== 333root_s2890 ====
2026-08-15 09:42:17 OK 333root_s2890
2026-08-15 09:42:17 ==== 333root_s4711 ====
2026-08-15 09:50:01 OK 333root_s4711
2026-08-15 09:50:01 ==== _read299 333 (reachable vs 332 mind-root) ====
2026-08-15 09:50:01 ==== BLOCK 334a: --two-way x4 (vs ctrl) ====
2026-08-15 09:50:01 ==== 334tw_s1337 ====
2026-08-15 09:55:38 OK 334tw_s1337
2026-08-15 09:55:38 ==== 334tw_s8642 ====
2026-08-15 10:01:47 OK 334tw_s8642
2026-08-15 10:01:47 ==== 334tw_s2890 ====
2026-08-15 10:07:27 OK 334tw_s2890
2026-08-15 10:07:27 ==== 334tw_s4711 ====
2026-08-15 10:13:15 OK 334tw_s4711
2026-08-15 10:13:15 ==== _read299 334a ====
2026-08-15 10:13:15 ==== BLOCK 334b: --two-way --reach-cands 32 x4 (vs 331; watch arrive) ====
2026-08-15 10:13:15 ==== 334tw32_s1337 ====
2026-08-15 10:22:57 OK 334tw32_s1337
2026-08-15 10:22:57 ==== 334tw32_s8642 ====
2026-08-15 10:33:06 OK 334tw32_s8642
2026-08-15 10:33:06 ==== 334tw32_s2890 ====
2026-08-15 10:42:54 OK 334tw32_s2890
2026-08-15 10:42:54 ==== 334tw32_s4711 ====
2026-08-15 10:52:45 OK 334tw32_s4711
2026-08-15 10:52:45 ==== _read299 334b (arrive vs 331) ====
2026-08-15 10:52:45 DONE 333+334
