
2026-08-17 22:05:48 372 compass: standing arm + --connect --reach-compass m, m in share1/rare/cover/jaccard, 4 seeds; ctrl=365conn (cos). common only if one wins. READ hit_rate then hit/reach; watch reachable
2026-08-17 22:05:48 ==== 372share1_s1337 ====
2026-08-17 22:08:59 OK 372share1_s1337
2026-08-17 22:08:59 ==== 372share1_s8642 ====
2026-08-17 22:11:46 OK 372share1_s8642
2026-08-17 22:11:46 ==== 372share1_s2890 ====
2026-08-17 22:15:00 OK 372share1_s2890
2026-08-17 22:15:00 ==== 372share1_s4711 ====
2026-08-17 22:18:05 OK 372share1_s4711
2026-08-17 22:18:05 ==== _read299 372share1 ====
2026-08-17 22:18:05 ==== 372rare_s1337 ====
2026-08-17 22:21:25 OK 372rare_s1337
2026-08-17 22:21:25 ==== 372rare_s8642 ====
2026-08-17 22:24:25 OK 372rare_s8642
2026-08-17 22:24:25 ==== 372rare_s2890 ====
2026-08-17 22:27:40 OK 372rare_s2890
2026-08-17 22:27:40 ==== 372rare_s4711 ====
2026-08-17 22:30:52 OK 372rare_s4711
2026-08-17 22:30:52 ==== _read299 372rare ====
2026-08-17 22:30:52 ==== 372cover_s1337 ====
2026-08-17 22:34:08 OK 372cover_s1337
2026-08-17 22:34:08 ==== 372cover_s8642 ====
2026-08-17 22:37:17 OK 372cover_s8642
2026-08-17 22:37:17 ==== 372cover_s2890 ====
2026-08-17 22:40:26 OK 372cover_s2890
2026-08-17 22:40:26 ==== 372cover_s4711 ====
2026-08-17 22:43:25 OK 372cover_s4711
2026-08-17 22:43:25 ==== _read299 372cover ====
2026-08-17 22:43:25 ==== 372jaccard_s1337 ====
2026-08-17 22:46:36 OK 372jaccard_s1337
2026-08-17 22:46:36 ==== 372jaccard_s8642 ====
2026-08-17 22:49:40 OK 372jaccard_s8642
2026-08-17 22:49:40 ==== 372jaccard_s2890 ====
2026-08-17 22:52:36 OK 372jaccard_s2890
2026-08-17 22:52:36 ==== 372jaccard_s4711 ====
2026-08-17 22:55:31 OK 372jaccard_s4711
2026-08-17 22:55:31 ==== _read299 372jaccard ====
2026-08-17 22:55:31 ==== _read299 365conn control ====
2026-08-17 22:55:31 DONE 372 compass
