
2026-08-18 02:44:02 376 night: checks + audits 371-376 + 377copy vs 365conn (4 seeds, D sweep)
2026-08-18 02:44:02 ==== check301 ====
2026-08-18 02:44:07 OK check301
2026-08-18 02:44:07 ==== check365 ====
2026-08-18 02:44:08 OK check365
2026-08-18 02:44:08 ==== check372rel ====
2026-08-18 02:44:08 OK check372rel
2026-08-18 02:44:08 ==== check372compass ====
2026-08-18 02:44:09 OK check372compass
2026-08-18 02:44:09 ==== check337 ====
2026-08-18 02:44:10 OK check337
2026-08-18 02:44:10 ==== check376 ====
2026-08-18 02:44:11 FAIL exit 1 check376
2026-08-18 02:44:11 ==== tape_frames ====
2026-08-18 02:44:11 OK tape_frames
2026-08-18 02:44:11 ==== 371 family w400 ====
2026-08-18 02:44:25 OK 371 family w400
2026-08-18 02:44:25 ==== 373 ngram3 w400 ====
2026-08-18 02:44:28 OK 373 ngram3 w400
2026-08-18 02:44:28 ==== 373 ngram4 w400 ====
2026-08-18 02:44:31 OK 373 ngram4 w400
2026-08-18 02:44:31 ==== 373 ngram5 w1600 ====
2026-08-18 02:44:39 OK 373 ngram5 w1600
2026-08-18 02:44:39 ==== 374 en w400 ====
2026-08-18 02:44:40 OK 374 en w400
2026-08-18 02:44:40 ==== 374 en w1600 ====
2026-08-18 02:44:46 OK 374 en w1600
2026-08-18 02:44:46 ==== 374 de w8000 ====
2026-08-18 02:44:47 OK 374 de w8000
2026-08-18 02:44:47 ==== 374 fi e128 w12000 ====
2026-08-18 02:44:48 OK 374 fi e128 w12000
2026-08-18 02:44:48 ==== 375 en w400 f32 ====
2026-08-18 02:44:53 OK 375 en w400 f32
2026-08-18 02:44:53 ==== 375 en w400 f16 ====
2026-08-18 02:44:59 OK 375 en w400 f16
2026-08-18 02:44:59 ==== 375 en w400 f64 ====
2026-08-18 02:45:03 OK 375 en w400 f64
2026-08-18 02:45:03 ==== 375 de w8000 ====
2026-08-18 02:45:32 OK 375 de w8000
2026-08-18 02:45:32 ==== 376 en w400 ====
2026-08-18 02:45:33 OK 376 en w400
2026-08-18 02:45:33 ==== 376 en w1600 ====
2026-08-18 02:45:36 OK 376 en w1600
2026-08-18 02:45:36 ==== 376 de w8000 ====
2026-08-18 02:45:37 OK 376 de w8000
2026-08-18 02:45:37 ==== 376 fi w12000 ====
2026-08-18 02:45:38 OK 376 fi w12000
2026-08-18 02:45:38 ==== 373 de w8000 n4 ====
2026-08-18 02:45:39 OK 373 de w8000 n4
2026-08-18 02:45:39 ==== 373 fi w12000 n4 ====
2026-08-18 02:45:39 OK 373 fi w12000 n4
2026-08-18 02:45:39 ==== _read299 existing 365conn ====
2026-08-18 02:45:45 SKIP 377 stage: --copy-lane not in _stage289_derivation.py yet; audits above are the night run
2026-08-18 02:45:45 When wired: re-run this script or only PHASE 3 block
2026-08-18 02:45:45 DONE 376 night queue
