
2026-08-17 09:02:18 353 two-way @ depth 2: max arm + margin arm, 4 seeds each; ctrl=352deep
2026-08-17 09:02:18 ==== 353twoway_s1337 ====
2026-08-17 09:13:08 OK 353twoway_s1337
2026-08-17 09:13:08 ==== 353twoway_s8642 ====
2026-08-17 09:24:04 OK 353twoway_s8642
2026-08-17 09:24:04 ==== 353twoway_s2890 ====
2026-08-17 09:34:37 OK 353twoway_s2890
2026-08-17 09:34:37 ==== 353twoway_s4711 ====
2026-08-17 09:45:17 OK 353twoway_s4711
2026-08-17 09:45:17 ==== 353margin_s1337 ====
2026-08-17 09:55:39 OK 353margin_s1337
2026-08-17 09:55:39 ==== 353margin_s8642 ====
2026-08-17 10:06:53 OK 353margin_s8642
2026-08-17 10:06:53 ==== 353margin_s2890 ====
2026-08-17 10:17:33 OK 353margin_s2890
2026-08-17 10:17:33 ==== 353margin_s4711 ====
2026-08-17 10:28:02 OK 353margin_s4711
2026-08-17 10:28:02 ==== _read299 353twoway ====
2026-08-17 10:28:03 ==== _read299 353margin ====
2026-08-17 10:28:03 ==== gate vs 352deep (prereg: CONFIRM z>=0 AND walk-only z>=+10) ====
2026-08-17 10:28:04 DONE 353
