
2026-08-14 18:25:50 317 count rival: ctrl gamma=1.0 then 313a gamma=0.9; seeds 1337 8642 2890 4711
2026-08-14 18:25:50 ==== 317ctrl_s1337 gamma=1.0 ====
2026-08-14 18:31:50 OK 317ctrl_s1337
2026-08-14 18:31:50 ==== 317ctrl_s8642 gamma=1.0 ====
2026-08-14 18:37:44 OK 317ctrl_s8642
2026-08-14 18:37:44 ==== 317ctrl_s2890 gamma=1.0 ====
2026-08-14 18:43:25 OK 317ctrl_s2890
2026-08-14 18:43:25 ==== 317ctrl_s4711 gamma=1.0 ====
2026-08-14 18:49:13 OK 317ctrl_s4711
2026-08-14 18:49:13 ==== 317_313a_s1337 gamma=0.9 ====
2026-08-14 18:54:50 OK 317_313a_s1337
2026-08-14 18:54:50 ==== 317_313a_s8642 gamma=0.9 ====
2026-08-14 19:00:33 OK 317_313a_s8642
2026-08-14 19:00:33 ==== 317_313a_s2890 gamma=0.9 ====
2026-08-14 19:06:38 OK 317_313a_s2890
2026-08-14 19:06:38 ==== 317_313a_s4711 gamma=0.9 ====
2026-08-14 19:12:49 OK 317_313a_s4711
2026-08-14 19:12:49 ==== _read299 ctrl ====
2026-08-14 19:12:50 ==== _read299 313a ====
2026-08-14 19:12:50 DONE
