
2026-08-16 15:28:16 341 speak-batch: matched question budget - ctrl N=4000 vs speak B=8 steps=500 weight=1.0
2026-08-16 15:28:16 ==== BLOCK 341ctrl: train-steps 4000 (no --speak-batch) ====
2026-08-16 15:28:16 ==== 341ctrl_s1337 ====
2026-08-16 15:33:36 OK 341ctrl_s1337
2026-08-16 15:33:36 ==== 341ctrl_s8642 ====
2026-08-16 15:38:41 OK 341ctrl_s8642
2026-08-16 15:38:41 ==== 341ctrl_s2890 ====
2026-08-16 15:43:50 OK 341ctrl_s2890
2026-08-16 15:43:50 ==== 341ctrl_s4711 ====
2026-08-16 15:48:59 OK 341ctrl_s4711
2026-08-16 15:48:59 ==== _read299 341ctrl (held) ====
2026-08-16 15:48:59 ==== BLOCK 341speak: train-steps 500 --speak-batch 8 --speak-weight 1.0 ====
2026-08-16 15:48:59 ==== 341speak_s1337 ====
2026-08-16 15:52:12 OK 341speak_s1337
2026-08-16 15:52:12 ==== 341speak_s8642 ====
2026-08-16 15:55:22 OK 341speak_s8642
2026-08-16 15:55:22 ==== 341speak_s2890 ====
2026-08-16 15:58:33 OK 341speak_s2890
2026-08-16 15:58:33 ==== 341speak_s4711 ====
2026-08-16 16:01:45 OK 341speak_s4711
2026-08-16 16:01:45 ==== _read299 341speak (held) ====
2026-08-16 16:01:46 DONE 341 ctrl+speak (GATE-WO claim vs 0.750/0.663; veto ROUTER + PICK vs COUNT)
