=== extend 2026-08-22T00:00:36 ===

$ C:\Users\Kostya\AppData\Local\Programs\Python\Python311\python.exe -u _audit487_arrive.py --seed 1337 --steps 3000 --bytes 40000000 --window 700 --log-every 400
487 arrive  corpus=data\_tinystories_raw_scale.txt  steps=3000
line pool 80000
  step 400/3000  find 0.105/0.110  soft 0.025/0.033  hard 0.025/0.033  lift_find -0.005  lift_soft -0.007  q 72  72s
  step 800/3000  find 0.100/0.095  soft 0.025/0.022  hard 0.025/0.022  lift_find 0.005  lift_soft 0.003  q 80  155s
  step 1200/3000  find 0.107/0.094  soft 0.021/0.021  hard 0.021/0.021  lift_find 0.013  lift_soft 0.000  q 92  226s
  step 1600/3000  find 0.114/0.097  soft 0.021/0.022  hard 0.021/0.022  lift_find 0.018  lift_soft -0.001  q 97  303s
  step 2000/3000  find 0.121/0.096  soft 0.022/0.021  hard 0.022/0.021  lift_find 0.025  lift_soft 0.001  q 102  386s
  step 2400/3000  find 0.131/0.098  soft 0.025/0.022  hard 0.025/0.022  lift_find 0.033  lift_soft 0.003  q 103  472s
  step 2800/3000  find 0.143/0.096  soft 0.028/0.021  hard 0.028/0.021  lift_find 0.047  lift_soft 0.007  q 104  557s
---- done ----
find 0.1453/0.0930  soft 0.0287/0.0203  hard 0.0287/0.0203  lift_soft 0.0083

$ C:\Users\Kostya\AppData\Local\Programs\Python\Python311\python.exe -u _audit487_arrive.py --seed 2024 --steps 3000 --bytes 40000000 --window 700 --log-every 400
487 arrive  corpus=data\_tinystories_raw_scale.txt  steps=3000
line pool 80000
  step 400/3000  find 0.140/0.120  soft 0.052/0.043  hard 0.052/0.043  lift_find 0.020  lift_soft 0.010  q 68  61s
  step 800/3000  find 0.165/0.095  soft 0.066/0.029  hard 0.066/0.029  lift_find 0.070  lift_soft 0.037  q 81  125s
  step 1200/3000  find 0.188/0.096  soft 0.065/0.026  hard 0.065/0.026  lift_find 0.092  lift_soft 0.039  q 86  189s
  step 1600/3000  find 0.212/0.101  soft 0.071/0.029  hard 0.071/0.029  lift_find 0.111  lift_soft 0.042  q 93  254s
  step 2000/3000  find 0.220/0.102  soft 0.070/0.025  hard 0.070/0.025  lift_find 0.118  lift_soft 0.045  q 96  325s
  step 2400/3000  find 0.232/0.101  soft 0.074/0.025  hard 0.074/0.025  lift_find 0.131  lift_soft 0.049  q 98  382s
  step 2800/3000  find 0.242/0.105  soft 0.080/0.025  hard 0.080/0.025  lift_find 0.137  lift_soft 0.055  q 98  441s
---- done ----
find 0.2443/0.1050  soft 0.0813/0.0237  hard 0.0813/0.0237  lift_soft 0.0577

$ C:\Users\Kostya\AppData\Local\Programs\Python\Python311\python.exe -u _audit487_arrive.py --seed 7 --steps 3000 --bytes 40000000 --window 700 --log-every 400
487 arrive  corpus=data\_tinystories_raw_scale.txt  steps=3000
line pool 80000
  step 400/3000  find 0.107/0.095  soft 0.022/0.028  hard 0.022/0.028  lift_find 0.013  lift_soft -0.005  q 68  51s
  step 800/3000  find 0.113/0.098  soft 0.022/0.028  hard 0.022/0.028  lift_find 0.015  lift_soft -0.005  q 86  107s
  step 1200/3000  find 0.102/0.097  soft 0.024/0.028  hard 0.024/0.028  lift_find 0.005  lift_soft -0.004  q 94  166s
  step 1600/3000  find 0.106/0.094  soft 0.026/0.026  hard 0.026/0.026  lift_find 0.011  lift_soft 0.001  q 101  225s
  step 2000/3000  find 0.101/0.095  soft 0.024/0.025  hard 0.024/0.025  lift_find 0.005  lift_soft -0.001  q 106  289s
  step 2400/3000  find 0.122/0.096  soft 0.035/0.028  hard 0.035/0.028  lift_find 0.026  lift_soft 0.007  q 109  363s
  step 2800/3000  find 0.131/0.096  soft 0.039/0.028  hard 0.039/0.028  lift_find 0.035  lift_soft 0.011  q 109  446s
---- done ----
find 0.1357/0.0950  soft 0.0387/0.0277  hard 0.0387/0.0277  lift_soft 0.0110

$ C:\Users\Kostya\AppData\Local\Programs\Python\Python311\python.exe -u _audit488_chain.py --seed 1337 --steps 3000 --bytes 40000000 --window 700 --log-every 400
488 chain  corpus=data\_tinystories_raw_scale.txt  steps=3000
line pool 80000
  step 400/3000  find 0.107/0.085  soft 0.025/0.035  chain 0.005/0.000  lift_chain 0.005  mark {'DEAD': -0.07, 'LIVE': 0.12}  72s
  step 800/3000  find 0.094/0.095  soft 0.022/0.034  chain 0.006/0.001  lift_chain 0.005  mark {'DEAD': -0.07, 'LIVE': 0.15}  150s
  step 1200/3000  find 0.117/0.090  soft 0.028/0.030  chain 0.005/0.002  lift_chain 0.003  mark {'DEAD': -0.07, 'LIVE': 0.11}  219s
  step 1600/3000  find 0.122/0.102  soft 0.031/0.027  chain 0.007/0.003  lift_chain 0.004  mark {'DEAD': -0.07, 'LIVE': 0.13}  292s
  step 2000/3000  find 0.124/0.104  soft 0.032/0.025  chain 0.009/0.003  lift_chain 0.005  mark {'DEAD': -0.07, 'LIVE': 0.14}  365s
  step 2400/3000  find 0.137/0.104  soft 0.037/0.026  chain 0.011/0.003  lift_chain 0.008  mark {'DEAD': -0.07, 'LIVE': 0.15}  438s
  step 2800/3000  find 0.141/0.099  soft 0.037/0.024  chain 0.011/0.003  lift_chain 0.009  mark {'DEAD': -0.07, 'LIVE': 0.16}  517s
---- done ----
lift_find 0.0400  lift_soft 0.0110  lift_chain 0.0080  q_mark {'DEAD': -0.07054973821989553, 'LIVE': 0.15760368663594485}

$ C:\Users\Kostya\AppData\Local\Programs\Python\Python311\python.exe -u _audit488_chain.py --seed 2024 --steps 3000 --bytes 40000000 --window 700 --log-every 400
488 chain  corpus=data\_tinystories_raw_scale.txt  steps=3000
line pool 80000
  step 400/3000  find 0.185/0.080  soft 0.040/0.018  chain 0.018/0.005  lift_chain 0.013  mark {'DEAD': -0.08, 'LIVE': 0.2}  60s
  step 800/3000  find 0.176/0.094  soft 0.043/0.024  chain 0.013/0.006  lift_chain 0.006  mark {'DEAD': -0.07, 'LIVE': 0.15}  123s
  step 1200/3000  find 0.177/0.092  soft 0.039/0.025  chain 0.011/0.006  lift_chain 0.005  mark {'DEAD': -0.07, 'LIVE': 0.15}  189s
  step 1600/3000  find 0.177/0.096  soft 0.046/0.024  chain 0.013/0.004  lift_chain 0.009  mark {'DEAD': -0.07, 'LIVE': 0.15}  260s
  step 2000/3000  find 0.176/0.101  soft 0.049/0.024  chain 0.011/0.004  lift_chain 0.007  mark {'DEAD': -0.07, 'LIVE': 0.13}  336s
  step 2400/3000  find 0.185/0.100  soft 0.053/0.023  chain 0.011/0.004  lift_chain 0.007  mark {'DEAD': -0.06, 'LIVE': 0.12}  408s
  step 2800/3000  find 0.190/0.100  soft 0.054/0.024  chain 0.011/0.005  lift_chain 0.007  mark {'DEAD': -0.06, 'LIVE': 0.12}  483s
---- done ----
lift_find 0.0907  lift_soft 0.0320  lift_chain 0.0067  q_mark {'DEAD': -0.06340782122905073, 'LIVE': 0.12097264437689952}

$ C:\Users\Kostya\AppData\Local\Programs\Python\Python311\python.exe -u _audit488_chain.py --seed 7 --steps 3000 --bytes 40000000 --window 700 --log-every 400
488 chain  corpus=data\_tinystories_raw_scale.txt  steps=3000
line pool 80000
  step 400/3000  find 0.142/0.102  soft 0.045/0.033  chain 0.005/0.007  lift_chain -0.003  mark {'DEAD': -0.06, 'LIVE': 0.1}  66s
  step 800/3000  find 0.174/0.094  soft 0.051/0.031  chain 0.010/0.011  lift_chain -0.001  mark {'DEAD': -0.06, 'LIVE': 0.13}  130s
  step 1200/3000  find 0.191/0.095  soft 0.062/0.029  chain 0.013/0.007  lift_chain 0.005  mark {'DEAD': -0.06, 'LIVE': 0.12}  194s
  step 1600/3000  find 0.207/0.094  soft 0.064/0.028  chain 0.012/0.006  lift_chain 0.006  mark {'DEAD': -0.06, 'LIVE': 0.12}  251s
  step 2000/3000  find 0.220/0.095  soft 0.069/0.026  chain 0.013/0.005  lift_chain 0.008  mark {'DEAD': -0.06, 'LIVE': 0.12}  308s
  step 2400/3000  find 0.222/0.099  soft 0.068/0.028  chain 0.013/0.005  lift_chain 0.007  mark {'DEAD': -0.06, 'LIVE': 0.12}  374s
  step 2800/3000  find 0.229/0.098  soft 0.070/0.026  chain 0.014/0.005  lift_chain 0.009  mark {'DEAD': -0.06, 'LIVE': 0.12}  436s
---- done ----
lift_find 0.1317  lift_soft 0.0433  lift_chain 0.0090  q_mark {'DEAD': -0.06284829721362284, 'LIVE': 0.12450980392156806}

=== extend done 2026-08-22T00:52:27 ===
