addresses=375 ...
addresses=750 ...
addresses=1500 ...
addresses=3000 ...
addresses=6000 ...
window=100 ...
window=200 ...
window=400 ...
window=800 ...
window=1600 ...

WIDTH - how many places are kept (window 400)
  addresses      own   walkK   union  anywhere     GAP  reached
       375   0.2333  0.1750  0.2167    0.8067  0.5900   0.2169
       750   0.2333  0.1750  0.2167    0.8067  0.5900   0.2169
      1500   0.2333  0.1750  0.2167    0.8067  0.5900   0.2169
      3000   0.2333  0.1750  0.2167    0.8067  0.5900   0.2169
      6000   0.2333  0.1750  0.2167    0.8067  0.5900   0.2169
  gap 0.5900 at 375 -> 0.5900 at 6000   FLAT - the gap is scale-invariant

DEPTH - how much text the region is drawn from (1500 places)
    window      own   walkK   union  anywhere     GAP  reached
       100   0.1801  0.1555  0.2018    0.6398  0.4380   0.2431
       200   0.2010  0.1563  0.2100    0.7320  0.5220   0.2136
       400   0.2333  0.1750  0.2167    0.8067  0.5900   0.2169
       800   0.2760  0.1893  0.2310    0.8717  0.6407   0.2172
      1600   0.3093  0.2113  0.2493    0.9063  0.6570   0.2332
  gap 0.4380 at 100 -> 0.6570 at 1600   WIDENS - retrieval falls behind knowledge

GAP = anywhere - union: what is on the tape and not in front of the mind.
written to results\_stage335_scale.json
