addresses=375 ...
addresses=750 ...
addresses=1500 ...
addresses=3000 ...
addresses=6000 ...
window=100 ...
window=200 ...
window=400 ...
window=800 ...
window=1600 ...

WIDTH - how many places are kept (window 400)
  addresses      own   walkK   union  anywhere     GAP  reached
       375   0.2309  0.1404  0.1924    0.5618  0.3693   0.2500
       750   0.2483  0.1490  0.1943    0.6513  0.4570   0.2288
      1500   0.2610  0.1663  0.2183    0.7350  0.5167   0.2263
      3000   0.2333  0.1750  0.2167    0.8067  0.5900   0.2169
      6000   0.2333  0.1750  0.2167    0.8067  0.5900   0.2169
  gap 0.3693 at 375 -> 0.5900 at 6000   WIDENS - retrieval falls behind knowledge

DEPTH - how much text the region is drawn from (1500 places)
    window      own   walkK   union  anywhere     GAP  reached
       100   0.1801  0.1555  0.2018    0.6398  0.4380   0.2431
       200   0.2010  0.1563  0.2100    0.7320  0.5220   0.2136
       400   0.2610  0.1663  0.2183    0.7350  0.5167   0.2263
       800   0.2223  0.1590  0.2150    0.7163  0.5013   0.2220
      1600   0.2803  0.1733  0.2270    0.7097  0.4827   0.2442
  gap 0.4380 at 100 -> 0.4827 at 1600   WIDENS - retrieval falls behind knowledge

GAP = anywhere - union: what is on the tape and not in front of the mind.
written to results\_stage335_scale.json
