Stage280 raw exam start 2026-08-06T01:03:13.911174+00:00 device=cuda hop=fp no_hidden=False bc=400 rl=0 k=7 mode=upper
  corpus split: 1005 train lines / 432 held-out lines
  tape: 49 addresses, 340 slots, write {"WRITE": 49, "DISPUTE": 110, "CONFIRM": 181} | items {"decidable": 24, "tie": 16, "clean": 9} (4s)
  bc 50/400 loss=1.0445 [decidable] ['ASK_Q', 'READ_0', 'READ_1', 'READ_2', 'READ_3', 'READ_4', 'READ_5', 'ANSWER_3']
  bc 100/400 loss=1.0416 [decidable] ['ASK_Q', 'READ_0', 'READ_1', 'READ_2', 'READ_3', 'READ_4', 'READ_5', 'ANSWER_2']
  bc 150/400 loss=1.1649 [tie] ['ASK_Q', 'READ_0', 'READ_1', 'READ_2', 'READ_3', 'READ_4', 'READ_5', 'READ_6', 'ANSWER_0']
  bc 200/400 loss=1.1294 [decidable] ['ASK_Q', 'READ_0', 'READ_1', 'READ_2', 'READ_3', 'READ_4', 'READ_5', 'READ_6', 'ANSWER_1']
  bc 250/400 loss=1.0187 [clean] ['ASK_Q', 'READ_0', 'READ_1', 'READ_2', 'READ_3', 'READ_4', 'READ_5', 'ANSWER_3']
  bc 300/400 loss=0.7608 [tie] ['ASK_Q', 'READ_0', 'READ_1', 'READ_2', 'READ_3', 'ANSWER_0']
  bc 350/400 loss=0.8986 [tie] ['ASK_Q', 'READ_0', 'READ_1', 'READ_2', 'READ_3', 'READ_4', 'ANSWER_0']
  bc 400/400 loss=1.1635 [clean] ['ASK_Q', 'READ_0', 'READ_1', 'READ_2', 'READ_3', 'READ_4', 'READ_5', 'READ_6', 'ANSWER_0']
  held-out tape: 36 addresses, 144 slots, items {"tie": 9, "decidable": 15, "clean": 12}
  HELD-OUT {"answer_is_slot": 1.0, "reward_total": -0.23555555555555563, "teacher_reward_total": -0.23555555555555563, "retrieval_precision": 0.342063492063492, "witness_recall": 0.6113215488215488, "words_silent_rate": 0.5, "hops_per_episode": 0.6111111111111112, "mean_candidates": 6.222222222222222, "n_items": 36, "clean": {"n": 12, "coverage": 0.75, "acc_answered": 0.6666666666666666, "abstain": 0.25, "mean_reads": 6.166666666666667, "reward": 0.31416666666666665, "precision": 0.29047619047619044, "recall": 0.6666666666666666, "teacher_abstain": 0.0, "teacher_acc_all": 0.75}, "decidable": {"n": 15, "coverage": 0.7333333333333334, "acc_answered": 0.2727272727272727, "abstain": 0.26666666666666666, "mean_reads": 6.866666666666666, "reward": -0.2706666666666667, "precision": 0.2952380952380952, "recall": 0.566060606060606, "teacher_abstain": 0.0, "teacher_acc_all": 0.4666666666666667}, "tie": {"n": 9, "coverage": 0.8888888888888888, "acc_answered": 0.0, "abstain": 0.1111111111111111, "mean_reads": 5.222222222222222, "reward": -0.9100000000000001, "precision": 0.4888888888888888, "recall": 0.6129629629629629, "teacher_abstain": 0.0, "teacher_acc_all": 0.0}, "coverage_all": 0.7777777777777778, "acc_answered_all": 0.32142857142857145}
{
  "overall": "TEACHER_UNUSABLE_ON_RAW",
  "gates": {
    "G_arc_enc_frozen": true,
    "G_answer_is_slot": true,
    "G_all_families_present": true,
    "G_teacher_usable": false,
    "G_reaches_teacher": true,
    "G_answers_when_decidable": true,
    "G_abstain_on_tie": false,
    "G_acc_when_answering": false,
    "G_generalises_to_held_out": false,
    "G_hop_covers_silence": true
  }
}
