Stage280 raw exam start 2026-08-06T00:57:58.784372+00:00 device=cuda hop=fp no_hidden=False bc=400 rl=0 k=3 mode=upper
  corpus split: 1005 train lines / 432 held-out lines
  tape: 49 addresses, 340 slots, write {"WRITE": 49, "DISPUTE": 110, "CONFIRM": 181} | items {"decidable": 24, "tie": 16, "clean": 9} (4s)
  bc 50/400 loss=0.5762 [decidable] ['ASK_Q', 'READ_0', 'READ_1', 'READ_2', 'ANSWER_0']
  bc 100/400 loss=0.5736 [decidable] ['ASK_Q', 'READ_0', 'READ_1', 'READ_2', 'ANSWER_0']
  bc 150/400 loss=0.5781 [tie] ['ASK_Q', 'READ_0', 'READ_1', 'READ_2', 'ANSWER_0']
  bc 200/400 loss=0.5769 [decidable] ['ASK_Q', 'READ_0', 'READ_1', 'READ_2', 'ANSWER_1']
  bc 250/400 loss=0.5646 [clean] ['ASK_Q', 'READ_0', 'READ_1', 'READ_2', 'ANSWER_0']
  bc 300/400 loss=0.5781 [tie] ['ASK_Q', 'READ_0', 'READ_1', 'READ_2', 'ANSWER_0']
  bc 350/400 loss=0.5605 [tie] ['ASK_Q', 'READ_0', 'READ_1', 'READ_2', 'ANSWER_0']
  bc 400/400 loss=0.5781 [clean] ['ASK_Q', 'READ_0', 'READ_1', 'READ_2', 'ANSWER_0']
  held-out tape: 36 addresses, 144 slots, items {"tie": 9, "decidable": 15, "clean": 12}
  HELD-OUT {"answer_is_slot": 1.0, "reward_total": -0.5033333333333334, "teacher_reward_total": -0.5033333333333334, "retrieval_precision": 0.39814814814814814, "witness_recall": 0.35972222222222217, "words_silent_rate": 0.0, "hops_per_episode": 0.0, "mean_candidates": 2.9444444444444446, "n_items": 36, "clean": {"n": 12, "coverage": 1.0, "acc_answered": 0.6666666666666666, "abstain": 0.0, "mean_reads": 3.0, "reward": 0.2733333333333333, "precision": 0.4166666666666667, "recall": 0.4166666666666667, "teacher_abstain": 0.0, "teacher_acc_all": 0.6666666666666666}, "decidable": {"n": 15, "coverage": 1.0, "acc_answered": 0.13333333333333333, "abstain": 0.0, "mean_reads": 3.0, "reward": -0.7933333333333336, "precision": 0.31111111111111106, "recall": 0.27777777777777773, "teacher_abstain": 0.0, "teacher_acc_all": 0.13333333333333333}, "tie": {"n": 9, "coverage": 1.0, "acc_answered": 0.0, "abstain": 0.0, "mean_reads": 2.7777777777777777, "reward": -1.0555555555555558, "precision": 0.5185185185185185, "recall": 0.42037037037037034, "teacher_abstain": 0.0, "teacher_acc_all": 0.0}, "coverage_all": 1.0, "acc_answered_all": 0.2777777777777778}
{
  "overall": "TEACHER_UNUSABLE_ON_RAW",
  "gates": {
    "G_arc_enc_frozen": true,
    "G_answer_is_slot": true,
    "G_all_families_present": true,
    "G_teacher_usable": false,
    "G_reaches_teacher": true,
    "G_answers_when_decidable": true,
    "G_abstain_on_tie": false,
    "G_acc_when_answering": false,
    "G_generalises_to_held_out": false,
    "G_hop_covers_silence": true
  }
}
